// Jest Snapshot v1, https://goo.gl/fbAQLP

exports[`ProductDesc Component matches snapshot 1`] = `
<DocumentFragment>
  <div
    class="css-1fhgjcy"
  >
    <p
      class="chakra-text css-14oag0a"
    >
      Overview
    </p>
    <p
      class="chakra-text css-uifmue"
    >
      Mock Product Description
    </p>
  </div>
</DocumentFragment>
`;
