// Jest Snapshot v1, https://goo.gl/fbAQLP

exports[`Card component should render "Edit" and "Delete" buttons if isAdmin is true 1`] = `
<div
  class="card-controls"
>
  <div
    class="card-button"
  >
    <button
      aria-label="Edit button"
      class="btn btn-primary btn-medium edit-btn"
      type="button"
    >
      <svg
        aria-hidden="true"
        fill="none"
        height="25"
        stroke="currentColor"
        stroke-width="1.5"
        viewBox="0 0 24 24"
        width="25"
        xmlns="http://www.w3.org/2000/svg"
      >
        <path
          d="M16.862 4.487l1.687-1.688a1.875 1.875 0 112.652 2.652L10.582 16.07a4.5 4.5 0 01-1.897 1.13L6 18l.8-2.685a4.5 4.5 0 011.13-1.897l8.932-8.931zm0 0L19.5 7.125M18 14v4.75A2.25 2.25 0 0115.75 21H5.25A2.25 2.25 0 013 18.75V8.25A2.25 2.25 0 015.25 6H10"
          stroke-linecap="round"
          stroke-linejoin="round"
        />
      </svg>
    </button>
    <button
      aria-label="Delete button"
      class="btn btn-primary btn-medium delete-btn"
      type="button"
    >
      <svg
        fill="currentColor"
        height="25"
        stroke="currentColor"
        stroke-width="0"
        viewBox="0 0 16 16"
        width="25"
        xmlns="http://www.w3.org/2000/svg"
      >
        <path
          d="M6.5 1h3a.5.5 0 0 1 .5.5v1H6v-1a.5.5 0 0 1 .5-.5ZM11 2.5v-1A1.5 1.5 0 0 0 9.5 0h-3A1.5 1.5 0 0 0 5 1.5v1H2.506a.58.58 0 0 0-.01 0H1.5a.5.5 0 0 0 0 1h.538l.853 10.66A2 2 0 0 0 4.885 16h6.23a2 2 0 0 0 1.994-1.84l.853-10.66h.538a.5.5 0 0 0 0-1h-.995a.59.59 0 0 0-.01 0H11Zm1.958 1-.846 10.58a1 1 0 0 1-.997.92h-6.23a1 1 0 0 1-.997-.92L3.042 3.5h9.916Zm-7.487 1a.5.5 0 0 1 .528.47l.5 8.5a.5.5 0 0 1-.998.06L5 5.03a.5.5 0 0 1 .47-.53Zm5.058 0a.5.5 0 0 1 .47.53l-.5 8.5a.5.5 0 1 1-.998-.06l.5-8.5a.5.5 0 0 1 .528-.47ZM8 4.5a.5.5 0 0 1 .5.5v8.5a.5.5 0 0 1-1 0V5a.5.5 0 0 1 .5-.5Z"
        />
      </svg>
    </button>
  </div>
</div>
`;

exports[`Card component should render "Rent" button if not an admin 1`] = `
<div
  class="card-controls"
>
  <button
    aria-label="Card rent button"
    class="btn btn-primary btn-medium card-rent-btn"
    type="button"
  >
    Rent
  </button>
</div>
`;

exports[`Card component should render the book details correctly 1`] = `
<div>
  <li
    class="card-wrapper"
  >
    <div
      class="card-image-wrapper"
    >
      <img
        alt="Mock Book Title"
        class="card-image"
        src="http://Book_image.example.com"
      />
    </div>
    <div
      class="card-info"
    >
      <h3
        class="text-h3 text-default card-title"
      >
        Mock Book Title
      </h3>
      <div
        class="card-detail"
      >
        <p
          class="text-p text-default card-author"
        >
          Mock Author
        </p>
        <p
          class="text-p text-default card-price"
        >
          10.99
        </p>
      </div>
      <div
        class="card-detail"
      >
        <p
          class="text-p text-default card-total-quantity"
        >
          Available quantity:
        </p>
        <p
          class="text-p text-default card-available-quantity"
        >
          5
          /
          <span
            class="card-total-quantity"
          >
            10
          </span>
        </p>
      </div>
      <p
        class="text-p text-default card-description"
      >
        Mock description
      </p>
      <div
        class="card-controls"
      >
        <button
          aria-label="Card rent button"
          class="btn btn-primary btn-medium card-rent-btn"
          type="button"
        >
          Rent
        </button>
      </div>
    </div>
  </li>
</div>
`;
