// Jest Snapshot v1, https://goo.gl/fbAQLP

exports[`Hero Component matches snapshot 1`] = `
<div>
  <section
    class="hero-section css-1i968st"
  >
    <div
      class="css-1t0sl2q"
    >
      <div
        class="css-wc2o4l"
      />
    </div>
    <div
      class="css-1b25ukq"
    >
      <div
        class="css-h5qkms"
      />
    </div>
    <div
      class="hero-content css-1n8ugxz"
    >
      <div
        class="hero-image-wrapper css-uvtw02"
      >
        <img
          alt="This is the image of the hero section"
          class="hero-image css-1ld0lpo"
          sizes="(max-width: 480px) 320px, (max-width: 768px) 480px, (max-width: 992px) 768px, (max-width: 1280px) 992px, 1280px"
          src="test-image-url"
          srcset="test-image-xs-url 320w, test-image-sm-url 480w, test-image-md-url 768w, test-image-lg-url 992w, test-image-url 1280w"
        />
      </div>
      <div
        class="hero-detail css-1fw5if8"
      >
        <h2
          class="chakra-heading hero-title css-ssjvx1"
        >
          Test Title
        </h2>
        <p
          class="chakra-text hero-description css-1sahs1f"
        >
          Test Description
        </p>
        <a
          aria-label="Learn More Button"
          class="chakra-button hero-btn css-1d5ejpu"
          href="/test-link"
        >
          Learn more
        </a>
      </div>
    </div>
  </section>
</div>
`;
